<?xml version="1.0" encoding="UTF-8"?><testsuites time="0"><testsuite name="Taking screenshots for the different devices" tests="0" failures="0" errors="0" time="0" timestamp="2017-03-11T05:38:50.424Z" package="src/mainProduct/tc_cro_guide_test1"><system-out><![CDATA[]]></system-out></testsuite></testsuites>